../Core/Src/main.c:67:6:map	24	static
../Core/Src/main.c:72:6:delayUS	16	static
../Core/Src/main.c:85:6:HAL_TIM_IC_CaptureCallback	16	static
../Core/Src/main.c:129:10:getDistance	8	static
../Core/Src/main.c:147:5:main	24	static
../Core/Src/main.c:206:6:SystemClock_Config	88	static
../Core/Src/main.c:248:13:MX_TIM1_Init	96	static
../Core/Src/main.c:323:13:MX_TIM3_Init	48	static
../Core/Src/main.c:381:13:MX_TIM11_Init	8	static
../Core/Src/main.c:412:13:MX_USART2_UART_Init	8	static
../Core/Src/main.c:445:13:MX_GPIO_Init	32	static
../Core/Src/main.c:476:6:Error_Handler	4	static,ignoring_inline_asm
